
> jworden-luxury-paving@1.0.0 build
> vite build

